INFO:     Started server process [41891]
INFO:     Waiting for application startup.
INFO:     Application startup complete.
INFO:     Uvicorn running on http://127.0.0.1:8000 (Press CTRL+C to quit)
INFO:     127.0.0.1:55955 - "POST /api/v1/upload HTTP/1.1" 422 Unprocessable Entity
INFO:     127.0.0.1:55957 - "POST /api/v1/upload HTTP/1.1" 200 OK
INFO:     127.0.0.1:55962 - "POST /api/v1/upload HTTP/1.1" 200 OK
/Users/manumathew/Documents/VS_code/EchoBI-4/backend/core/dataset_classifier.py:194: UserWarning: Could not infer format, so each element will be parsed individually, falling back to `dateutil`. To ensure parsing is consistent and as-expected, please specify a format.
  pd.to_datetime(self.df[col].head(100))
/Users/manumathew/Documents/VS_code/EchoBI-4/backend/core/dataset_classifier.py:194: UserWarning: Could not infer format, so each element will be parsed individually, falling back to `dateutil`. To ensure parsing is consistent and as-expected, please specify a format.
  pd.to_datetime(self.df[col].head(100))
/Users/manumathew/Documents/VS_code/EchoBI-4/backend/core/dataset_classifier.py:194: UserWarning: Could not infer format, so each element will be parsed individually, falling back to `dateutil`. To ensure parsing is consistent and as-expected, please specify a format.
  pd.to_datetime(self.df[col].head(100))
/Users/manumathew/Documents/VS_code/EchoBI-4/backend/core/dataset_classifier.py:194: UserWarning: Could not infer format, so each element will be parsed individually, falling back to `dateutil`. To ensure parsing is consistent and as-expected, please specify a format.
  pd.to_datetime(self.df[col].head(100))
/Users/manumathew/Documents/VS_code/EchoBI-4/backend/core/dataset_classifier.py:194: UserWarning: Could not infer format, so each element will be parsed individually, falling back to `dateutil`. To ensure parsing is consistent and as-expected, please specify a format.
  pd.to_datetime(self.df[col].head(100))
/Users/manumathew/Documents/VS_code/EchoBI-4/backend/core/column_profiler.py:94: UserWarning: Could not infer format, so each element will be parsed individually, falling back to `dateutil`. To ensure parsing is consistent and as-expected, please specify a format.
  pd.to_datetime(non_null.head(100))
/Users/manumathew/Documents/VS_code/EchoBI-4/backend/core/column_profiler.py:94: UserWarning: Could not infer format, so each element will be parsed individually, falling back to `dateutil`. To ensure parsing is consistent and as-expected, please specify a format.
  pd.to_datetime(non_null.head(100))
/Users/manumathew/Documents/VS_code/EchoBI-4/backend/core/column_profiler.py:94: UserWarning: Could not infer format, so each element will be parsed individually, falling back to `dateutil`. To ensure parsing is consistent and as-expected, please specify a format.
  pd.to_datetime(non_null.head(100))
/Users/manumathew/Documents/VS_code/EchoBI-4/backend/core/column_profiler.py:94: UserWarning: Could not infer format, so each element will be parsed individually, falling back to `dateutil`. To ensure parsing is consistent and as-expected, please specify a format.
  pd.to_datetime(non_null.head(100))
/Users/manumathew/Documents/VS_code/EchoBI-4/backend/core/column_profiler.py:94: UserWarning: Could not infer format, so each element will be parsed individually, falling back to `dateutil`. To ensure parsing is consistent and as-expected, please specify a format.
  pd.to_datetime(non_null.head(100))
INFO:     127.0.0.1:55963 - "POST /api/v1/analyze/98c590fb-c2de-4a19-ab20-7326b146c392 HTTP/1.1" 200 OK
INFO:     127.0.0.1:55965 - "POST /api/v1/upload HTTP/1.1" 200 OK
/Users/manumathew/Documents/VS_code/EchoBI-4/backend/core/dataset_classifier.py:194: UserWarning: Could not infer format, so each element will be parsed individually, falling back to `dateutil`. To ensure parsing is consistent and as-expected, please specify a format.
  pd.to_datetime(self.df[col].head(100))
/Users/manumathew/Documents/VS_code/EchoBI-4/backend/core/dataset_classifier.py:194: UserWarning: Could not infer format, so each element will be parsed individually, falling back to `dateutil`. To ensure parsing is consistent and as-expected, please specify a format.
  pd.to_datetime(self.df[col].head(100))
/Users/manumathew/Documents/VS_code/EchoBI-4/backend/core/dataset_classifier.py:194: UserWarning: Could not infer format, so each element will be parsed individually, falling back to `dateutil`. To ensure parsing is consistent and as-expected, please specify a format.
  pd.to_datetime(self.df[col].head(100))
/Users/manumathew/Documents/VS_code/EchoBI-4/backend/core/dataset_classifier.py:194: UserWarning: Could not infer format, so each element will be parsed individually, falling back to `dateutil`. To ensure parsing is consistent and as-expected, please specify a format.
  pd.to_datetime(self.df[col].head(100))
/Users/manumathew/Documents/VS_code/EchoBI-4/backend/core/dataset_classifier.py:194: UserWarning: Could not infer format, so each element will be parsed individually, falling back to `dateutil`. To ensure parsing is consistent and as-expected, please specify a format.
  pd.to_datetime(self.df[col].head(100))
/Users/manumathew/Documents/VS_code/EchoBI-4/backend/core/column_profiler.py:94: UserWarning: Could not infer format, so each element will be parsed individually, falling back to `dateutil`. To ensure parsing is consistent and as-expected, please specify a format.
  pd.to_datetime(non_null.head(100))
/Users/manumathew/Documents/VS_code/EchoBI-4/backend/core/column_profiler.py:94: UserWarning: Could not infer format, so each element will be parsed individually, falling back to `dateutil`. To ensure parsing is consistent and as-expected, please specify a format.
  pd.to_datetime(non_null.head(100))
/Users/manumathew/Documents/VS_code/EchoBI-4/backend/core/column_profiler.py:94: UserWarning: Could not infer format, so each element will be parsed individually, falling back to `dateutil`. To ensure parsing is consistent and as-expected, please specify a format.
  pd.to_datetime(non_null.head(100))
/Users/manumathew/Documents/VS_code/EchoBI-4/backend/core/column_profiler.py:94: UserWarning: Could not infer format, so each element will be parsed individually, falling back to `dateutil`. To ensure parsing is consistent and as-expected, please specify a format.
  pd.to_datetime(non_null.head(100))
/Users/manumathew/Documents/VS_code/EchoBI-4/backend/core/column_profiler.py:94: UserWarning: Could not infer format, so each element will be parsed individually, falling back to `dateutil`. To ensure parsing is consistent and as-expected, please specify a format.
  pd.to_datetime(non_null.head(100))
INFO:     127.0.0.1:55966 - "POST /api/v1/analyze/74465fba-dc8e-4009-a057-2f8a00cc31f0 HTTP/1.1" 200 OK
INFO:     127.0.0.1:55971 - "POST /api/v1/upload HTTP/1.1" 200 OK
/Users/manumathew/Documents/VS_code/EchoBI-4/backend/core/dataset_classifier.py:194: UserWarning: Could not infer format, so each element will be parsed individually, falling back to `dateutil`. To ensure parsing is consistent and as-expected, please specify a format.
  pd.to_datetime(self.df[col].head(100))
/Users/manumathew/Documents/VS_code/EchoBI-4/backend/core/dataset_classifier.py:194: UserWarning: Could not infer format, so each element will be parsed individually, falling back to `dateutil`. To ensure parsing is consistent and as-expected, please specify a format.
  pd.to_datetime(self.df[col].head(100))
/Users/manumathew/Documents/VS_code/EchoBI-4/backend/core/dataset_classifier.py:194: UserWarning: Could not infer format, so each element will be parsed individually, falling back to `dateutil`. To ensure parsing is consistent and as-expected, please specify a format.
  pd.to_datetime(self.df[col].head(100))
/Users/manumathew/Documents/VS_code/EchoBI-4/backend/core/dataset_classifier.py:194: UserWarning: Could not infer format, so each element will be parsed individually, falling back to `dateutil`. To ensure parsing is consistent and as-expected, please specify a format.
  pd.to_datetime(self.df[col].head(100))
/Users/manumathew/Documents/VS_code/EchoBI-4/backend/core/dataset_classifier.py:194: UserWarning: Could not infer format, so each element will be parsed individually, falling back to `dateutil`. To ensure parsing is consistent and as-expected, please specify a format.
  pd.to_datetime(self.df[col].head(100))
/Users/manumathew/Documents/VS_code/EchoBI-4/backend/core/column_profiler.py:94: UserWarning: Could not infer format, so each element will be parsed individually, falling back to `dateutil`. To ensure parsing is consistent and as-expected, please specify a format.
  pd.to_datetime(non_null.head(100))
/Users/manumathew/Documents/VS_code/EchoBI-4/backend/core/column_profiler.py:94: UserWarning: Could not infer format, so each element will be parsed individually, falling back to `dateutil`. To ensure parsing is consistent and as-expected, please specify a format.
  pd.to_datetime(non_null.head(100))
/Users/manumathew/Documents/VS_code/EchoBI-4/backend/core/column_profiler.py:94: UserWarning: Could not infer format, so each element will be parsed individually, falling back to `dateutil`. To ensure parsing is consistent and as-expected, please specify a format.
  pd.to_datetime(non_null.head(100))
/Users/manumathew/Documents/VS_code/EchoBI-4/backend/core/column_profiler.py:94: UserWarning: Could not infer format, so each element will be parsed individually, falling back to `dateutil`. To ensure parsing is consistent and as-expected, please specify a format.
  pd.to_datetime(non_null.head(100))
/Users/manumathew/Documents/VS_code/EchoBI-4/backend/core/column_profiler.py:94: UserWarning: Could not infer format, so each element will be parsed individually, falling back to `dateutil`. To ensure parsing is consistent and as-expected, please specify a format.
  pd.to_datetime(non_null.head(100))
INFO:     127.0.0.1:55972 - "POST /api/v1/analyze/537eaf61-6eca-40ab-a58e-482773517ad0 HTTP/1.1" 200 OK
/Users/manumathew/Documents/VS_code/EchoBI-4/backend/core/column_profiler.py:94: UserWarning: Could not infer format, so each element will be parsed individually, falling back to `dateutil`. To ensure parsing is consistent and as-expected, please specify a format.
  pd.to_datetime(non_null.head(100))
/Users/manumathew/Documents/VS_code/EchoBI-4/backend/core/column_profiler.py:94: UserWarning: Could not infer format, so each element will be parsed individually, falling back to `dateutil`. To ensure parsing is consistent and as-expected, please specify a format.
  pd.to_datetime(non_null.head(100))
/Users/manumathew/Documents/VS_code/EchoBI-4/backend/core/column_profiler.py:94: UserWarning: Could not infer format, so each element will be parsed individually, falling back to `dateutil`. To ensure parsing is consistent and as-expected, please specify a format.
  pd.to_datetime(non_null.head(100))
/Users/manumathew/Documents/VS_code/EchoBI-4/backend/core/column_profiler.py:94: UserWarning: Could not infer format, so each element will be parsed individually, falling back to `dateutil`. To ensure parsing is consistent and as-expected, please specify a format.
  pd.to_datetime(non_null.head(100))
/Users/manumathew/Documents/VS_code/EchoBI-4/backend/core/column_profiler.py:94: UserWarning: Could not infer format, so each element will be parsed individually, falling back to `dateutil`. To ensure parsing is consistent and as-expected, please specify a format.
  pd.to_datetime(non_null.head(100))
/Users/manumathew/Documents/VS_code/EchoBI-4/echovenv/lib/python3.10/site-packages/scipy/stats/_axis_nan_policy.py:580: SmallSampleWarning: all input arrays have length 1.  f_oneway requires that at least one input has length greater than 1.
  if is_too_small(samples, kwds):
/Users/manumathew/Documents/VS_code/EchoBI-4/backend/core/relationship_detector.py:333: SmallSampleWarning: One or more sample arguments is too small; all returned values will be NaN. See documentation for sample size requirements.
  f_stat, p_value = stats.f_oneway(*groups)
/Users/manumathew/Documents/VS_code/EchoBI-4/echovenv/lib/python3.10/site-packages/scipy/stats/_axis_nan_policy.py:580: SmallSampleWarning: all input arrays have length 1.  f_oneway requires that at least one input has length greater than 1.
  if is_too_small(samples, kwds):
/Users/manumathew/Documents/VS_code/EchoBI-4/backend/core/relationship_detector.py:333: SmallSampleWarning: One or more sample arguments is too small; all returned values will be NaN. See documentation for sample size requirements.
  f_stat, p_value = stats.f_oneway(*groups)
/Users/manumathew/Documents/VS_code/EchoBI-4/echovenv/lib/python3.10/site-packages/scipy/stats/_axis_nan_policy.py:586: ConstantInputWarning: Each of the input arrays is constant; the F statistic is not defined or infinite
  res = hypotest_fun_out(*samples, **kwds)
INFO:     127.0.0.1:55974 - "GET /api/v1/relationships/537eaf61-6eca-40ab-a58e-482773517ad0 HTTP/1.1" 500 Internal Server Error
ERROR:    Exception in ASGI application
Traceback (most recent call last):
  File "/Users/manumathew/Documents/VS_code/EchoBI-4/echovenv/lib/python3.10/site-packages/uvicorn/protocols/http/h11_impl.py", line 410, in run_asgi
    result = await app(  # type: ignore[func-returns-value]
  File "/Users/manumathew/Documents/VS_code/EchoBI-4/echovenv/lib/python3.10/site-packages/uvicorn/middleware/proxy_headers.py", line 60, in __call__
    return await self.app(scope, receive, send)
  File "/Users/manumathew/Documents/VS_code/EchoBI-4/echovenv/lib/python3.10/site-packages/fastapi/applications.py", line 1135, in __call__
    await super().__call__(scope, receive, send)
  File "/Users/manumathew/Documents/VS_code/EchoBI-4/echovenv/lib/python3.10/site-packages/starlette/applications.py", line 107, in __call__
    await self.middleware_stack(scope, receive, send)
  File "/Users/manumathew/Documents/VS_code/EchoBI-4/echovenv/lib/python3.10/site-packages/starlette/middleware/errors.py", line 186, in __call__
    raise exc
  File "/Users/manumathew/Documents/VS_code/EchoBI-4/echovenv/lib/python3.10/site-packages/starlette/middleware/errors.py", line 164, in __call__
    await self.app(scope, receive, _send)
  File "/Users/manumathew/Documents/VS_code/EchoBI-4/echovenv/lib/python3.10/site-packages/starlette/middleware/cors.py", line 85, in __call__
    await self.app(scope, receive, send)
  File "/Users/manumathew/Documents/VS_code/EchoBI-4/echovenv/lib/python3.10/site-packages/starlette/middleware/exceptions.py", line 63, in __call__
    await wrap_app_handling_exceptions(self.app, conn)(scope, receive, send)
  File "/Users/manumathew/Documents/VS_code/EchoBI-4/echovenv/lib/python3.10/site-packages/starlette/_exception_handler.py", line 53, in wrapped_app
    raise exc
  File "/Users/manumathew/Documents/VS_code/EchoBI-4/echovenv/lib/python3.10/site-packages/starlette/_exception_handler.py", line 42, in wrapped_app
    await app(scope, receive, sender)
  File "/Users/manumathew/Documents/VS_code/EchoBI-4/echovenv/lib/python3.10/site-packages/fastapi/middleware/asyncexitstack.py", line 18, in __call__
    await self.app(scope, receive, send)
  File "/Users/manumathew/Documents/VS_code/EchoBI-4/echovenv/lib/python3.10/site-packages/starlette/routing.py", line 716, in __call__
    await self.middleware_stack(scope, receive, send)
  File "/Users/manumathew/Documents/VS_code/EchoBI-4/echovenv/lib/python3.10/site-packages/starlette/routing.py", line 736, in app
    await route.handle(scope, receive, send)
  File "/Users/manumathew/Documents/VS_code/EchoBI-4/echovenv/lib/python3.10/site-packages/starlette/routing.py", line 290, in handle
    await self.app(scope, receive, send)
  File "/Users/manumathew/Documents/VS_code/EchoBI-4/echovenv/lib/python3.10/site-packages/fastapi/routing.py", line 115, in app
    await wrap_app_handling_exceptions(app, request)(scope, receive, send)
  File "/Users/manumathew/Documents/VS_code/EchoBI-4/echovenv/lib/python3.10/site-packages/starlette/_exception_handler.py", line 53, in wrapped_app
    raise exc
  File "/Users/manumathew/Documents/VS_code/EchoBI-4/echovenv/lib/python3.10/site-packages/starlette/_exception_handler.py", line 42, in wrapped_app
    await app(scope, receive, sender)
  File "/Users/manumathew/Documents/VS_code/EchoBI-4/echovenv/lib/python3.10/site-packages/fastapi/routing.py", line 101, in app
    response = await f(request)
  File "/Users/manumathew/Documents/VS_code/EchoBI-4/echovenv/lib/python3.10/site-packages/fastapi/routing.py", line 389, in app
    response = actual_response_class(content, **response_args)
  File "/Users/manumathew/Documents/VS_code/EchoBI-4/echovenv/lib/python3.10/site-packages/starlette/responses.py", line 189, in __init__
    super().__init__(content, status_code, headers, media_type, background)
  File "/Users/manumathew/Documents/VS_code/EchoBI-4/echovenv/lib/python3.10/site-packages/starlette/responses.py", line 46, in __init__
    self.body = self.render(content)
  File "/Users/manumathew/Documents/VS_code/EchoBI-4/echovenv/lib/python3.10/site-packages/starlette/responses.py", line 192, in render
    return json.dumps(
  File "/Library/Frameworks/Python.framework/Versions/3.10/lib/python3.10/json/__init__.py", line 238, in dumps
    **kw).encode(obj)
  File "/Library/Frameworks/Python.framework/Versions/3.10/lib/python3.10/json/encoder.py", line 199, in encode
    chunks = self.iterencode(o, _one_shot=True)
  File "/Library/Frameworks/Python.framework/Versions/3.10/lib/python3.10/json/encoder.py", line 257, in iterencode
    return _iterencode(o, 0)
ValueError: Out of range float values are not JSON compliant
INFO:     127.0.0.1:55975 - "GET /api/v1/insights/537eaf61-6eca-40ab-a58e-482773517ad0?use_ai=false HTTP/1.1" 200 OK
INFO:     127.0.0.1:55976 - "GET /api/v1/visualizations/recommendations/537eaf61-6eca-40ab-a58e-482773517ad0 HTTP/1.1" 200 OK
INFO:     127.0.0.1:55977 - "POST /api/v1/visualizations/generate HTTP/1.1" 200 OK
INFO:     127.0.0.1:55978 - "POST /api/v1/visualizations/generate HTTP/1.1" 200 OK
INFO:     127.0.0.1:55979 - "POST /api/v1/visualizations/generate HTTP/1.1" 200 OK
INFO:     127.0.0.1:55980 - "POST /api/v1/visualizations/generate HTTP/1.1" 200 OK
INFO:     127.0.0.1:55981 - "POST /api/v1/visualizations/generate HTTP/1.1" 200 OK
INFO:     127.0.0.1:55989 - "GET /api/v1/relationships/537eaf61-6eca-40ab-a58e-482773 HTTP/1.1" 404 Not Found
INFO:     127.0.0.1:56074 - "GET /docs HTTP/1.1" 200 OK
INFO:     Shutting down
INFO:     Waiting for application shutdown.
INFO:     Application shutdown complete.
INFO:     Finished server process [41891]
