INFO:     Will watch for changes in these directories: ['/Users/manumathew/Documents/VS_code/EchoBI-4']
INFO:     Uvicorn running on http://127.0.0.1:8000 (Press CTRL+C to quit)
INFO:     Started reloader process [25031] using StatReload
INFO:     Started server process [25082]
INFO:     Waiting for application startup.
INFO:     Application startup complete.
INFO:     127.0.0.1:54310 - "POST /api/v1/upload HTTP/1.1" 200 OK
WARNING:  StatReload detected changes in 'test_insights.py'. Reloading...
INFO:     Shutting down
INFO:     Waiting for application shutdown.
INFO:     Application shutdown complete.
INFO:     Finished server process [25082]
INFO:     Started server process [25687]
INFO:     Waiting for application startup.
INFO:     Application startup complete.
INFO:     127.0.0.1:54314 - "POST /api/v1/upload HTTP/1.1" 200 OK
/Users/manumathew/Documents/VS_code/EchoBI-4/backend/core/dataset_classifier.py:194: UserWarning: Could not infer format, so each element will be parsed individually, falling back to `dateutil`. To ensure parsing is consistent and as-expected, please specify a format.
  pd.to_datetime(self.df[col].head(100))
/Users/manumathew/Documents/VS_code/EchoBI-4/backend/core/dataset_classifier.py:194: UserWarning: Could not infer format, so each element will be parsed individually, falling back to `dateutil`. To ensure parsing is consistent and as-expected, please specify a format.
  pd.to_datetime(self.df[col].head(100))
/Users/manumathew/Documents/VS_code/EchoBI-4/backend/core/dataset_classifier.py:194: UserWarning: Could not infer format, so each element will be parsed individually, falling back to `dateutil`. To ensure parsing is consistent and as-expected, please specify a format.
  pd.to_datetime(self.df[col].head(100))
/Users/manumathew/Documents/VS_code/EchoBI-4/backend/core/column_profiler.py:94: UserWarning: Could not infer format, so each element will be parsed individually, falling back to `dateutil`. To ensure parsing is consistent and as-expected, please specify a format.
  pd.to_datetime(non_null.head(100))
/Users/manumathew/Documents/VS_code/EchoBI-4/backend/core/column_profiler.py:94: UserWarning: Could not infer format, so each element will be parsed individually, falling back to `dateutil`. To ensure parsing is consistent and as-expected, please specify a format.
  pd.to_datetime(non_null.head(100))
/Users/manumathew/Documents/VS_code/EchoBI-4/backend/core/column_profiler.py:94: UserWarning: Could not infer format, so each element will be parsed individually, falling back to `dateutil`. To ensure parsing is consistent and as-expected, please specify a format.
  pd.to_datetime(non_null.head(100))
INFO:     127.0.0.1:54316 - "POST /api/v1/analyze/31b79a62-e84b-42dc-b7eb-c7f75919bc28 HTTP/1.1" 200 OK
/Users/manumathew/Documents/VS_code/EchoBI-4/backend/core/column_profiler.py:94: UserWarning: Could not infer format, so each element will be parsed individually, falling back to `dateutil`. To ensure parsing is consistent and as-expected, please specify a format.
  pd.to_datetime(non_null.head(100))
/Users/manumathew/Documents/VS_code/EchoBI-4/backend/core/column_profiler.py:94: UserWarning: Could not infer format, so each element will be parsed individually, falling back to `dateutil`. To ensure parsing is consistent and as-expected, please specify a format.
  pd.to_datetime(non_null.head(100))
/Users/manumathew/Documents/VS_code/EchoBI-4/backend/core/column_profiler.py:94: UserWarning: Could not infer format, so each element will be parsed individually, falling back to `dateutil`. To ensure parsing is consistent and as-expected, please specify a format.
  pd.to_datetime(non_null.head(100))
INFO:     127.0.0.1:54317 - "GET /api/v1/insights/31b79a62-e84b-42dc-b7eb-c7f75919bc28?use_ai=false HTTP/1.1" 200 OK
WARNING:  StatReload detected changes in 'test_insights.py'. Reloading...
INFO:     Shutting down
INFO:     Waiting for application shutdown.
INFO:     Application shutdown complete.
INFO:     Finished server process [25687]
INFO:     Started server process [25884]
INFO:     Waiting for application startup.
INFO:     Application startup complete.
WARNING:  StatReload detected changes in 'backend/core/visualization_recommender.py'. Reloading...
INFO:     Shutting down
INFO:     Waiting for application shutdown.
INFO:     Application shutdown complete.
INFO:     Finished server process [25884]
INFO:     Started server process [26008]
INFO:     Waiting for application startup.
INFO:     Application startup complete.
WARNING:  StatReload detected changes in 'backend/main.py'. Reloading...
INFO:     Shutting down
INFO:     Waiting for application shutdown.
INFO:     Application shutdown complete.
INFO:     Finished server process [26008]
Process SpawnProcess-5:
Traceback (most recent call last):
  File "/Library/Frameworks/Python.framework/Versions/3.10/lib/python3.10/multiprocessing/process.py", line 315, in _bootstrap
    self.run()
  File "/Library/Frameworks/Python.framework/Versions/3.10/lib/python3.10/multiprocessing/process.py", line 108, in run
    self._target(*self._args, **self._kwargs)
  File "/Users/manumathew/Documents/VS_code/EchoBI-4/echovenv/lib/python3.10/site-packages/uvicorn/_subprocess.py", line 80, in subprocess_started
    target(sockets=sockets)
  File "/Users/manumathew/Documents/VS_code/EchoBI-4/echovenv/lib/python3.10/site-packages/uvicorn/server.py", line 67, in run
    return asyncio_run(self.serve(sockets=sockets), loop_factory=self.config.get_loop_factory())
  File "/Users/manumathew/Documents/VS_code/EchoBI-4/echovenv/lib/python3.10/site-packages/uvicorn/_compat.py", line 60, in asyncio_run
    return loop.run_until_complete(main)
  File "/Library/Frameworks/Python.framework/Versions/3.10/lib/python3.10/asyncio/base_events.py", line 641, in run_until_complete
    return future.result()
  File "/Users/manumathew/Documents/VS_code/EchoBI-4/echovenv/lib/python3.10/site-packages/uvicorn/server.py", line 71, in serve
    await self._serve(sockets)
  File "/Users/manumathew/Documents/VS_code/EchoBI-4/echovenv/lib/python3.10/site-packages/uvicorn/server.py", line 78, in _serve
    config.load()
  File "/Users/manumathew/Documents/VS_code/EchoBI-4/echovenv/lib/python3.10/site-packages/uvicorn/config.py", line 439, in load
    self.loaded_app = import_from_string(self.app)
  File "/Users/manumathew/Documents/VS_code/EchoBI-4/echovenv/lib/python3.10/site-packages/uvicorn/importer.py", line 19, in import_from_string
    module = importlib.import_module(module_str)
  File "/Library/Frameworks/Python.framework/Versions/3.10/lib/python3.10/importlib/__init__.py", line 126, in import_module
    return _bootstrap._gcd_import(name[level:], package, level)
  File "<frozen importlib._bootstrap>", line 1050, in _gcd_import
  File "<frozen importlib._bootstrap>", line 1027, in _find_and_load
  File "<frozen importlib._bootstrap>", line 1006, in _find_and_load_unlocked
  File "<frozen importlib._bootstrap>", line 688, in _load_unlocked
  File "<frozen importlib._bootstrap_external>", line 883, in exec_module
  File "<frozen importlib._bootstrap>", line 241, in _call_with_frames_removed
  File "/Users/manumathew/Documents/VS_code/EchoBI-4/backend/main.py", line 17, in <module>
    from core import (ColumnProfiler, DatasetClassifier, QualityScorer, RelationshipDetector,
ImportError: cannot import name 'VisualizationRecommender' from 'core' (/Users/manumathew/Documents/VS_code/EchoBI-4/backend/core/__init__.py)
WARNING:  StatReload detected changes in 'backend/core/__init__.py'. Reloading...
INFO:     Started server process [26087]
INFO:     Waiting for application startup.
INFO:     Application startup complete.
WARNING:  StatReload detected changes in 'backend/core/__init__.py'. Reloading...
INFO:     Shutting down
INFO:     Waiting for application shutdown.
INFO:     Application shutdown complete.
INFO:     Finished server process [26087]
INFO:     Started server process [26103]
INFO:     Waiting for application startup.
INFO:     Application startup complete.
WARNING:  StatReload detected changes in 'backend/main.py'. Reloading...
INFO:     Shutting down
INFO:     Waiting for application shutdown.
INFO:     Application shutdown complete.
INFO:     Finished server process [26103]
INFO:     Started server process [26122]
INFO:     Waiting for application startup.
INFO:     Application startup complete.
INFO:     127.0.0.1:54346 - "POST /api/v1/upload HTTP/1.1" 200 OK
/Users/manumathew/Documents/VS_code/EchoBI-4/backend/core/dataset_classifier.py:194: UserWarning: Could not infer format, so each element will be parsed individually, falling back to `dateutil`. To ensure parsing is consistent and as-expected, please specify a format.
  pd.to_datetime(self.df[col].head(100))
/Users/manumathew/Documents/VS_code/EchoBI-4/backend/core/dataset_classifier.py:194: UserWarning: Could not infer format, so each element will be parsed individually, falling back to `dateutil`. To ensure parsing is consistent and as-expected, please specify a format.
  pd.to_datetime(self.df[col].head(100))
/Users/manumathew/Documents/VS_code/EchoBI-4/backend/core/dataset_classifier.py:194: UserWarning: Could not infer format, so each element will be parsed individually, falling back to `dateutil`. To ensure parsing is consistent and as-expected, please specify a format.
  pd.to_datetime(self.df[col].head(100))
/Users/manumathew/Documents/VS_code/EchoBI-4/backend/core/column_profiler.py:94: UserWarning: Could not infer format, so each element will be parsed individually, falling back to `dateutil`. To ensure parsing is consistent and as-expected, please specify a format.
  pd.to_datetime(non_null.head(100))
/Users/manumathew/Documents/VS_code/EchoBI-4/backend/core/column_profiler.py:94: UserWarning: Could not infer format, so each element will be parsed individually, falling back to `dateutil`. To ensure parsing is consistent and as-expected, please specify a format.
  pd.to_datetime(non_null.head(100))
/Users/manumathew/Documents/VS_code/EchoBI-4/backend/core/column_profiler.py:94: UserWarning: Could not infer format, so each element will be parsed individually, falling back to `dateutil`. To ensure parsing is consistent and as-expected, please specify a format.
  pd.to_datetime(non_null.head(100))
INFO:     127.0.0.1:54347 - "POST /api/v1/analyze/d2bbac87-9835-4c55-8bf0-06d03a5da7e6 HTTP/1.1" 200 OK
/Users/manumathew/Documents/VS_code/EchoBI-4/backend/core/column_profiler.py:94: UserWarning: Could not infer format, so each element will be parsed individually, falling back to `dateutil`. To ensure parsing is consistent and as-expected, please specify a format.
  pd.to_datetime(non_null.head(100))
/Users/manumathew/Documents/VS_code/EchoBI-4/backend/core/column_profiler.py:94: UserWarning: Could not infer format, so each element will be parsed individually, falling back to `dateutil`. To ensure parsing is consistent and as-expected, please specify a format.
  pd.to_datetime(non_null.head(100))
/Users/manumathew/Documents/VS_code/EchoBI-4/backend/core/column_profiler.py:94: UserWarning: Could not infer format, so each element will be parsed individually, falling back to `dateutil`. To ensure parsing is consistent and as-expected, please specify a format.
  pd.to_datetime(non_null.head(100))
/Users/manumathew/Documents/VS_code/EchoBI-4/echovenv/lib/python3.10/site-packages/scipy/stats/_axis_nan_policy.py:580: SmallSampleWarning: all input arrays have length 1.  f_oneway requires that at least one input has length greater than 1.
  if is_too_small(samples, kwds):
/Users/manumathew/Documents/VS_code/EchoBI-4/backend/core/relationship_detector.py:333: SmallSampleWarning: One or more sample arguments is too small; all returned values will be NaN. See documentation for sample size requirements.
  f_stat, p_value = stats.f_oneway(*groups)
/Users/manumathew/Documents/VS_code/EchoBI-4/echovenv/lib/python3.10/site-packages/scipy/stats/_axis_nan_policy.py:580: SmallSampleWarning: all input arrays have length 1.  f_oneway requires that at least one input has length greater than 1.
  if is_too_small(samples, kwds):
/Users/manumathew/Documents/VS_code/EchoBI-4/backend/core/relationship_detector.py:333: SmallSampleWarning: One or more sample arguments is too small; all returned values will be NaN. See documentation for sample size requirements.
  f_stat, p_value = stats.f_oneway(*groups)
/Users/manumathew/Documents/VS_code/EchoBI-4/echovenv/lib/python3.10/site-packages/scipy/stats/_axis_nan_policy.py:580: SmallSampleWarning: all input arrays have length 1.  f_oneway requires that at least one input has length greater than 1.
  if is_too_small(samples, kwds):
/Users/manumathew/Documents/VS_code/EchoBI-4/backend/core/relationship_detector.py:333: SmallSampleWarning: One or more sample arguments is too small; all returned values will be NaN. See documentation for sample size requirements.
  f_stat, p_value = stats.f_oneway(*groups)
/Users/manumathew/Documents/VS_code/EchoBI-4/echovenv/lib/python3.10/site-packages/scipy/stats/_axis_nan_policy.py:580: SmallSampleWarning: all input arrays have length 1.  f_oneway requires that at least one input has length greater than 1.
  if is_too_small(samples, kwds):
/Users/manumathew/Documents/VS_code/EchoBI-4/backend/core/relationship_detector.py:333: SmallSampleWarning: One or more sample arguments is too small; all returned values will be NaN. See documentation for sample size requirements.
  f_stat, p_value = stats.f_oneway(*groups)
INFO:     127.0.0.1:54348 - "GET /api/v1/relationships/d2bbac87-9835-4c55-8bf0-06d03a5da7e6 HTTP/1.1" 200 OK
INFO:     127.0.0.1:54349 - "GET /api/v1/visualizations/recommendations/d2bbac87-9835-4c55-8bf0-06d03a5da7e6 HTTP/1.1" 200 OK
WARNING:  StatReload detected changes in 'test_visualizations.py'. Reloading...
INFO:     Shutting down
INFO:     Waiting for application shutdown.
INFO:     Application shutdown complete.
INFO:     Finished server process [26122]
INFO:     Started server process [26445]
INFO:     Waiting for application startup.
INFO:     Application startup complete.
WARNING:  StatReload detected changes in 'backend/core/chart_generator.py'. Reloading...
INFO:     Shutting down
INFO:     Waiting for application shutdown.
INFO:     Application shutdown complete.
INFO:     Finished server process [26445]
INFO:     Started server process [26564]
INFO:     Waiting for application startup.
INFO:     Application startup complete.
WARNING:  StatReload detected changes in 'backend/core/__init__.py'. Reloading...
INFO:     Shutting down
INFO:     Waiting for application shutdown.
INFO:     Application shutdown complete.
INFO:     Finished server process [26564]
INFO:     Started server process [26824]
INFO:     Waiting for application startup.
INFO:     Application startup complete.
INFO:     127.0.0.1:54407 - "POST /api/v1/upload HTTP/1.1" 200 OK
/Users/manumathew/Documents/VS_code/EchoBI-4/backend/core/dataset_classifier.py:194: UserWarning: Could not infer format, so each element will be parsed individually, falling back to `dateutil`. To ensure parsing is consistent and as-expected, please specify a format.
  pd.to_datetime(self.df[col].head(100))
/Users/manumathew/Documents/VS_code/EchoBI-4/backend/core/dataset_classifier.py:194: UserWarning: Could not infer format, so each element will be parsed individually, falling back to `dateutil`. To ensure parsing is consistent and as-expected, please specify a format.
  pd.to_datetime(self.df[col].head(100))
/Users/manumathew/Documents/VS_code/EchoBI-4/backend/core/dataset_classifier.py:194: UserWarning: Could not infer format, so each element will be parsed individually, falling back to `dateutil`. To ensure parsing is consistent and as-expected, please specify a format.
  pd.to_datetime(self.df[col].head(100))
/Users/manumathew/Documents/VS_code/EchoBI-4/backend/core/column_profiler.py:94: UserWarning: Could not infer format, so each element will be parsed individually, falling back to `dateutil`. To ensure parsing is consistent and as-expected, please specify a format.
  pd.to_datetime(non_null.head(100))
/Users/manumathew/Documents/VS_code/EchoBI-4/backend/core/column_profiler.py:94: UserWarning: Could not infer format, so each element will be parsed individually, falling back to `dateutil`. To ensure parsing is consistent and as-expected, please specify a format.
  pd.to_datetime(non_null.head(100))
/Users/manumathew/Documents/VS_code/EchoBI-4/backend/core/column_profiler.py:94: UserWarning: Could not infer format, so each element will be parsed individually, falling back to `dateutil`. To ensure parsing is consistent and as-expected, please specify a format.
  pd.to_datetime(non_null.head(100))
INFO:     127.0.0.1:54408 - "POST /api/v1/analyze/7cf00a01-3ba1-44dd-bbc6-9363d11cf66f HTTP/1.1" 200 OK
/Users/manumathew/Documents/VS_code/EchoBI-4/backend/core/column_profiler.py:94: UserWarning: Could not infer format, so each element will be parsed individually, falling back to `dateutil`. To ensure parsing is consistent and as-expected, please specify a format.
  pd.to_datetime(non_null.head(100))
/Users/manumathew/Documents/VS_code/EchoBI-4/backend/core/column_profiler.py:94: UserWarning: Could not infer format, so each element will be parsed individually, falling back to `dateutil`. To ensure parsing is consistent and as-expected, please specify a format.
  pd.to_datetime(non_null.head(100))
/Users/manumathew/Documents/VS_code/EchoBI-4/backend/core/column_profiler.py:94: UserWarning: Could not infer format, so each element will be parsed individually, falling back to `dateutil`. To ensure parsing is consistent and as-expected, please specify a format.
  pd.to_datetime(non_null.head(100))
INFO:     127.0.0.1:54409 - "GET /api/v1/visualizations/recommendations/7cf00a01-3ba1-44dd-bbc6-9363d11cf66f HTTP/1.1" 200 OK
INFO:     127.0.0.1:54410 - "POST /api/v1/visualizations/generate HTTP/1.1" 500 Internal Server Error
INFO:     127.0.0.1:54411 - "POST /api/v1/visualizations/generate HTTP/1.1" 500 Internal Server Error
INFO:     127.0.0.1:54412 - "POST /api/v1/visualizations/generate HTTP/1.1" 500 Internal Server Error
INFO:     127.0.0.1:54413 - "POST /api/v1/visualizations/generate HTTP/1.1" 500 Internal Server Error
INFO:     127.0.0.1:54414 - "POST /api/v1/visualizations/generate HTTP/1.1" 500 Internal Server Error
INFO:     127.0.0.1:54415 - "POST /api/v1/visualizations/generate HTTP/1.1" 200 OK
INFO:     127.0.0.1:54416 - "POST /api/v1/visualizations/generate HTTP/1.1" 200 OK
INFO:     127.0.0.1:54417 - "POST /api/v1/visualizations/generate HTTP/1.1" 200 OK
INFO:     127.0.0.1:54418 - "POST /api/v1/visualizations/generate HTTP/1.1" 200 OK
INFO:     127.0.0.1:54419 - "POST /api/v1/visualizations/generate HTTP/1.1" 200 OK
WARNING:  StatReload detected changes in 'backend/main.py'. Reloading...
INFO:     Shutting down
INFO:     Waiting for application shutdown.
INFO:     Application shutdown complete.
INFO:     Finished server process [26824]
INFO:     Started server process [28033]
INFO:     Waiting for application startup.
INFO:     Application startup complete.
INFO:     127.0.0.1:54426 - "POST /api/v1/upload HTTP/1.1" 200 OK
/Users/manumathew/Documents/VS_code/EchoBI-4/backend/core/dataset_classifier.py:194: UserWarning: Could not infer format, so each element will be parsed individually, falling back to `dateutil`. To ensure parsing is consistent and as-expected, please specify a format.
  pd.to_datetime(self.df[col].head(100))
/Users/manumathew/Documents/VS_code/EchoBI-4/backend/core/dataset_classifier.py:194: UserWarning: Could not infer format, so each element will be parsed individually, falling back to `dateutil`. To ensure parsing is consistent and as-expected, please specify a format.
  pd.to_datetime(self.df[col].head(100))
/Users/manumathew/Documents/VS_code/EchoBI-4/backend/core/dataset_classifier.py:194: UserWarning: Could not infer format, so each element will be parsed individually, falling back to `dateutil`. To ensure parsing is consistent and as-expected, please specify a format.
  pd.to_datetime(self.df[col].head(100))
/Users/manumathew/Documents/VS_code/EchoBI-4/backend/core/column_profiler.py:94: UserWarning: Could not infer format, so each element will be parsed individually, falling back to `dateutil`. To ensure parsing is consistent and as-expected, please specify a format.
  pd.to_datetime(non_null.head(100))
/Users/manumathew/Documents/VS_code/EchoBI-4/backend/core/column_profiler.py:94: UserWarning: Could not infer format, so each element will be parsed individually, falling back to `dateutil`. To ensure parsing is consistent and as-expected, please specify a format.
  pd.to_datetime(non_null.head(100))
/Users/manumathew/Documents/VS_code/EchoBI-4/backend/core/column_profiler.py:94: UserWarning: Could not infer format, so each element will be parsed individually, falling back to `dateutil`. To ensure parsing is consistent and as-expected, please specify a format.
  pd.to_datetime(non_null.head(100))
INFO:     127.0.0.1:54427 - "POST /api/v1/analyze/f11b58cb-9e57-45d3-84ce-df483c341fc5 HTTP/1.1" 200 OK
/Users/manumathew/Documents/VS_code/EchoBI-4/backend/core/column_profiler.py:94: UserWarning: Could not infer format, so each element will be parsed individually, falling back to `dateutil`. To ensure parsing is consistent and as-expected, please specify a format.
  pd.to_datetime(non_null.head(100))
/Users/manumathew/Documents/VS_code/EchoBI-4/backend/core/column_profiler.py:94: UserWarning: Could not infer format, so each element will be parsed individually, falling back to `dateutil`. To ensure parsing is consistent and as-expected, please specify a format.
  pd.to_datetime(non_null.head(100))
/Users/manumathew/Documents/VS_code/EchoBI-4/backend/core/column_profiler.py:94: UserWarning: Could not infer format, so each element will be parsed individually, falling back to `dateutil`. To ensure parsing is consistent and as-expected, please specify a format.
  pd.to_datetime(non_null.head(100))
INFO:     127.0.0.1:54428 - "GET /api/v1/visualizations/recommendations/f11b58cb-9e57-45d3-84ce-df483c341fc5 HTTP/1.1" 200 OK
INFO:     127.0.0.1:54429 - "POST /api/v1/visualizations/generate HTTP/1.1" 200 OK
INFO:     127.0.0.1:54430 - "POST /api/v1/visualizations/generate HTTP/1.1" 200 OK
INFO:     127.0.0.1:54431 - "POST /api/v1/visualizations/generate HTTP/1.1" 200 OK
INFO:     127.0.0.1:54432 - "POST /api/v1/visualizations/generate HTTP/1.1" 200 OK
INFO:     127.0.0.1:54433 - "POST /api/v1/visualizations/generate HTTP/1.1" 200 OK
INFO:     127.0.0.1:54434 - "POST /api/v1/visualizations/generate HTTP/1.1" 200 OK
INFO:     127.0.0.1:54435 - "POST /api/v1/visualizations/generate HTTP/1.1" 200 OK
INFO:     127.0.0.1:54436 - "POST /api/v1/visualizations/generate HTTP/1.1" 200 OK
INFO:     127.0.0.1:54437 - "POST /api/v1/visualizations/generate HTTP/1.1" 200 OK
INFO:     127.0.0.1:54438 - "POST /api/v1/visualizations/generate HTTP/1.1" 200 OK
WARNING:  StatReload detected changes in 'test_chart_generation.py'. Reloading...
INFO:     Shutting down
INFO:     Waiting for application shutdown.
INFO:     Application shutdown complete.
INFO:     Finished server process [28033]
INFO:     Started server process [28983]
INFO:     Waiting for application startup.
INFO:     Application startup complete.
